[backblue.gif]
[fade.gif]
[index.html]
[www.uml-diagrams.org/favicon.ico]
[pagead2.googlesyndication.com/pagead/show_ads.js]
[go.disqus.com/embed.js]
[go.disqus.com/count.js]
[www.google.com/images/icons/ui/gprofile_button-44.png]
[apis.google.com/js/plusone.js]
[www.uml-diagrams.org/orphus/orphus.png]
[www.ipage.com/green-certified/hosting-badge-1.png]
[shield.sitelock.com/sitelock.js]
[www.uml-diagrams.org/index.html]
[www.uml-diagrams.org/css/style.css]
[www.uml-diagrams.org/uml-25-diagrams.png]
[www.uml-diagrams.org/uml-25-diagrams.html]
[www.uml-diagrams.org/class-diagrams/class-diagram-domain-overview.png]
[www.uml-diagrams.org/class-diagrams/class-diagram-implementation-elements.png]
[www.uml-diagrams.org/class-diagrams/object-diagram-overview.png]
[www.uml-diagrams.org/class-diagrams-overview.html]
[www.uml-diagrams.org/composite-structure-diagrams/composite-internal-structure-diagram-elements.png]
[www.uml-diagrams.org/collaboration-diagrams/collaboration-overview.png]
[www.uml-diagrams.org/collaboration-diagrams/collaboration-use-overview.png]
[www.uml-diagrams.org/notation/composite-structured-classifier.png]
[www.uml-diagrams.org/notation/composite-port-interfaces.png]
[www.uml-diagrams.org/notation/composite-structured-class.png]
[www.uml-diagrams.org/notation/internal-property.png]
[www.uml-diagrams.org/notation/internal-part.png]
[www.uml-diagrams.org/notation/internal-part-multiplicity.png]
[www.uml-diagrams.org/notation/composite-port.png]
[www.uml-diagrams.org/notation/composite-port-multiplicity.png]
[www.uml-diagrams.org/notation/composite-port-interface-type.png]
[www.uml-diagrams.org/notation/composite-port-behavior.png]
[www.uml-diagrams.org/composite-structure-diagrams.html]
[www.uml-diagrams.org/package-diagrams/package-diagram-elements.png]
[www.uml-diagrams.org/package-diagrams/model-diagram-elements.png]
[www.uml-diagrams.org/images/arrow-next.png]
[www.uml-diagrams.org/package-diagrams-overview.html]
[www.uml-diagrams.org/component-diagrams/component-diagram-overview.png]
[www.uml-diagrams.org/component-diagrams/component-general.png]
[www.uml-diagrams.org/component-diagrams/component-normal.png]
[www.uml-diagrams.org/component-diagrams/component-obsolete.png]
[www.uml-diagrams.org/component-diagrams/component-provided-interface.png]
[www.uml-diagrams.org/component-diagrams/component-required-interface.png]
[www.uml-diagrams.org/component-diagrams/component-external-view-compartments.png]
[www.uml-diagrams.org/component-diagrams/delegation-connector-part.png]
[www.uml-diagrams.org/component-diagrams/delegation-connector-provided.png]
[www.uml-diagrams.org/component-diagrams/delegation-connector-required.png]
[www.uml-diagrams.org/component-diagrams/assembly-connector.png]
[www.uml-diagrams.org/component-diagrams/assembly-connector-simple-port.png]
[www.uml-diagrams.org/component-diagrams/assembly-connector-multiple-ports.png]
[www.uml-diagrams.org/component-diagrams/component-realization.png]
[www.uml-diagrams.org/component-diagrams/component-realization-compartments.png]
[www.uml-diagrams.org/component-diagrams/component-realization-nested.png]
[www.uml-diagrams.org/component-diagrams.html]
[www.uml-diagrams.org/deployment-diagrams/deployment-diagram-overview-manifestation.png]
[www.uml-diagrams.org/deployment-diagrams/deployment-diagram-overview-specification.png]
[www.uml-diagrams.org/deployment-diagrams/deployment-diagram-overview-instance.png]
[www.uml-diagrams.org/deployment-diagrams-overview.html]
[www.uml-diagrams.org/use-case-diagrams/business-use-case-diagram-elements.png]
[www.uml-diagrams.org/use-case-diagrams/use-case-diagram-elements.png]
[www.uml-diagrams.org/use-case-diagrams.html]
[www.uml-diagrams.org/information-flow-diagrams/information-flow-elements.png]
[www.uml-diagrams.org/information-flow-diagrams.html]
[www.uml-diagrams.org/activity-diagrams/activity.png]
[www.uml-diagrams.org/activity-diagrams/activity-parameters.png]
[www.uml-diagrams.org/activity-diagrams/activity-frame.png]
[www.uml-diagrams.org/activity-diagrams/activity-partition-horizontal.png]
[www.uml-diagrams.org/activity-diagrams/activity-partition-vertical.png]
[www.uml-diagrams.org/activity-diagrams/activity-partition-hierachy.png]
[www.uml-diagrams.org/activity-diagrams/activity-partition-external.png]
[www.uml-diagrams.org/activity-diagrams/activity-partition-qualified.png]
[www.uml-diagrams.org/activity-diagrams/activity-edge-no-name.png]
[www.uml-diagrams.org/activity-diagrams/activity-edge-named.png]
[www.uml-diagrams.org/activity-diagrams/activity-edge-guard.png]
[www.uml-diagrams.org/activity-diagrams/activity-edge-connector.png]
[www.uml-diagrams.org/activity-diagrams/activity-edge-object-flow.png]
[www.uml-diagrams.org/activity-diagrams/activity-edge-weight.png]
[www.uml-diagrams.org/activity-diagrams/activity-edge-interrupting.png]
[www.uml-diagrams.org/activity-diagrams/activity-edge-interrupting-zig-zag.png]
[www.uml-diagrams.org/activity-diagrams.html]
[www.uml-diagrams.org/notation/behavioral-state-machine-frame.png]
[www.uml-diagrams.org/notation/state-simple.png]
[www.uml-diagrams.org/notation/state-simple-internal-activities.png]
[www.uml-diagrams.org/notation/state-composite.png]
[www.uml-diagrams.org/notation/state-composite-hidden-decomposition.png]
[www.uml-diagrams.org/notation/pseudostate-initial.png]
[www.uml-diagrams.org/notation/pseudostate-terminate.png]
[www.uml-diagrams.org/notation/pseudostate-entry-point.png]
[www.uml-diagrams.org/notation/pseudostate-exit-point.png]
[www.uml-diagrams.org/notation/pseudostate-choice-binary.png]
[www.uml-diagrams.org/notation/pseudostate-choice-ternary.png]
[www.uml-diagrams.org/notation/pseudostate-fork.png]
[www.uml-diagrams.org/notation/pseudostate-join.png]
[www.uml-diagrams.org/notation/state-final.png]
[www.uml-diagrams.org/state-machine-diagrams.html]
[www.uml-diagrams.org/sequence-diagrams/sequence-diagram-overview.png]
[www.uml-diagrams.org/notation/sequence-lifeline-named.png]
[www.uml-diagrams.org/notation/sequence-lifeline-no-name.png]
[www.uml-diagrams.org/notation/sequence-lifeline-selector.png]
[www.uml-diagrams.org/notation/sequence-message-synchro-call.png]
[www.uml-diagrams.org/notation/sequence-message-asynchro-call.png]
[www.uml-diagrams.org/notation/sequence-message-create.png]
[www.uml-diagrams.org/notation/sequence-message-delete.png]
[www.uml-diagrams.org/notation/sequence-message-return.png]
[www.uml-diagrams.org/notation/sequence-message-lost.png]
[www.uml-diagrams.org/notation/sequence-message-found.png]
[www.uml-diagrams.org/notation/sequence-event-destruction.png]
[www.uml-diagrams.org/notation/sequence-execution-spec.png]
[www.uml-diagrams.org/notation/sequence-execution-spec-action.png]
[www.uml-diagrams.org/notation/sequence-execution-spec-self.png]
[www.uml-diagrams.org/notation/sequence-execution-spec-callback.png]
[www.uml-diagrams.org/notation/sequence-state-invariant.png]
[www.uml-diagrams.org/notation/sequence-state-invariant-state.png]
[www.uml-diagrams.org/notation/sequence-ref.png]
[www.uml-diagrams.org/notation/sequence-ref-params.png]
[www.uml-diagrams.org/sequence-diagrams.html]
[www.uml-diagrams.org/communication-diagrams/communication-diagram-overview.png]
[www.uml-diagrams.org/notation/communication-frame-long.png]
[www.uml-diagrams.org/notation/communication-frame-short.png]
[www.uml-diagrams.org/notation/communication-lifeline-no-name.png]
[www.uml-diagrams.org/notation/communication-lifeline-named.png]
[www.uml-diagrams.org/notation/communication-lifeline-selector.png]
[www.uml-diagrams.org/notation/communication-message.png]
[www.uml-diagrams.org/notation/communication-message-sequence.png]
[www.uml-diagrams.org/notation/communication-message-concurrent.png]
[www.uml-diagrams.org/notation/communication-message-guard.png]
[www.uml-diagrams.org/notation/communication-message-loop-sequence.png]
[www.uml-diagrams.org/notation/communication-message-loop-concurrent.png]
[www.uml-diagrams.org/communication-diagrams.html]
[www.uml-diagrams.org/notation/timing-lifeline.png]
[www.uml-diagrams.org/notation/timing-state-timeline.png]
[www.uml-diagrams.org/notation/timing-duration-constraint.png]
[www.uml-diagrams.org/notation/timing-time-constraint.png]
[www.uml-diagrams.org/notation/timing-destruction.png]
[www.uml-diagrams.org/timing-diagrams.html]
[www.uml-diagrams.org/notation/uml-interaction-overview-diagram-elements.png]
[www.uml-diagrams.org/notation/interaction-overview-frame.png]
[www.uml-diagrams.org/notation/interaction-overview-interaction.png]
[www.uml-diagrams.org/notation/interaction-overview-interaction-use.png]
[www.uml-diagrams.org/interaction-overview-diagrams.html]
[www.uml-diagrams.org/notation/profile-profile.png]
[www.uml-diagrams.org/notation/profile-profile-servers.png]
[www.uml-diagrams.org/notation/profile-uri-attribute.png]
[www.uml-diagrams.org/notation/profile-metaclass.png]
[www.uml-diagrams.org/notation/profile-stereotype-tag-definitions.png]
[www.uml-diagrams.org/notation/profile-stereotype.png]
[www.uml-diagrams.org/notation/profile-stereotype-extend.png]
[www.uml-diagrams.org/notation/profile-stereotype-actor.png]
[www.uml-diagrams.org/notation/profile-stereotype-server.png]
[www.uml-diagrams.org/notation/profile-stereotype-applied.png]
[www.uml-diagrams.org/notation/profile-stereotype-applied-class-icon.png]
[www.uml-diagrams.org/notation/profile-stereotype-applied-icon.png]
[www.uml-diagrams.org/notation/profile-stereotype-actor-applied.png]
[www.uml-diagrams.org/notation/profile-stereotype-computer-applied.png]
[www.uml-diagrams.org/notation/profile-stereotype-generalization.png]
[www.uml-diagrams.org/notation/profile-stereotype-tag-value-traditional.png]
[www.uml-diagrams.org/notation/profile-stereotype-tag-value-compartment.png]
[www.uml-diagrams.org/notation/profile-stereotype-tag-value-note.png]
[www.uml-diagrams.org/notation/profile-extension.png]
[www.uml-diagrams.org/notation/profile-extension-required.png]
[www.uml-diagrams.org/notation/profile-extension-multiple.png]
[www.uml-diagrams.org/notation/profile-reference.png]
[www.uml-diagrams.org/notation/profile-apply.png]
[www.uml-diagrams.org/profile-diagrams.html]
[www.uml-diagrams.org/index-references.html]
[www.uml-diagrams.org/index-examples.html]
[www.uml-diagrams.org/images/kf_avatar_2013.png]
[www.uml-diagrams.org/about.html]
[www.uml-diagrams.org/references.html]
[www.uml-diagrams.org/uml-core/classifier.png]
[www.uml-diagrams.org/uml-core/uml-classifiers.png]
[www.uml-diagrams.org/classifier.html]
[www.uml-diagrams.org/deployment-diagrams/deployment-artifact-overview.png]
[www.uml-diagrams.org/deployment-diagrams/deployment-artifact.png]
[www.uml-diagrams.org/deployment-diagrams/deployment-artifact-source.png]
[www.uml-diagrams.org/deployment-diagrams/deployment-artifact-library.png]
[www.uml-diagrams.org/deployment-diagrams/deployment-artifact-custom.png]
[www.uml-diagrams.org/deployment-diagrams/deployment-artifact-composition.png]
[www.uml-diagrams.org/deployment-diagrams/deployment-artifact-dependency.png]
[www.uml-diagrams.org/deployment-diagrams/deployment-manifest.png]
[www.uml-diagrams.org/deployment-diagrams/deployment-target-overview.png]
[www.uml-diagrams.org/deployment-diagrams/deployment-node.png]
[www.uml-diagrams.org/deployment-diagrams/deployment-node-composition.png]
[www.uml-diagrams.org/deployment-diagrams/deployment-node-composition-nested.png]
[www.uml-diagrams.org/deployment-diagrams/deployment-device.png]
[www.uml-diagrams.org/deployment-diagrams/deployment-device-app-server.png]
[www.uml-diagrams.org/deployment-diagrams/deployment-device-database-server.png]
[www.uml-diagrams.org/deployment-diagrams/deployment-device-mobile.png]
[www.uml-diagrams.org/deployment-diagrams/deployment-execution-environment.png]
[www.uml-diagrams.org/deployment-diagrams/deployment-execution-env-linux.png]
[www.uml-diagrams.org/deployment-diagrams/deployment-execution-env-oracle.png]
[www.uml-diagrams.org/deployment-diagrams/deployment-communication-path.png]
[www.uml-diagrams.org/deployment-diagrams/deployment-communication-media.png]
[www.uml-diagrams.org/deployment-diagrams/deployment-communication-protocol.png]
[www.uml-diagrams.org/deployment-diagrams/deployment-deploy.png]
[www.uml-diagrams.org/deployment-diagrams/deployment-deploy-instance.png]
[www.uml-diagrams.org/deployment-diagrams/deployment-artifact-contained.png]
[www.uml-diagrams.org/deployment-diagrams/deployment-artifact-textual.png]
[www.uml-diagrams.org/deployment-diagrams/deployment-frame.png]
[www.uml-diagrams.org/deployment-diagrams/deployment-specification-spec.png]
[www.uml-diagrams.org/deployment-diagrams/deployment-specification-instance.png]
[www.uml-diagrams.org/deployment-diagrams/deployment-specification-dependency.png]
[www.uml-diagrams.org/deployment-diagrams/deployment-specification-association.png]
[www.uml-diagrams.org/deployment-diagrams.html]
[www.uml-diagrams.org/activity-diagrams/activity-action.png]
[www.uml-diagrams.org/activity-diagrams/activity-action-language.png]
[www.uml-diagrams.org/activity-diagrams/activity-action-local-conditions.png]
[www.uml-diagrams.org/activity-diagrams/actions-variable.png]
[www.uml-diagrams.org/activity-diagrams/actions-invocation.png]
[www.uml-diagrams.org/activity-diagrams/action-call-behavior.png]
[www.uml-diagrams.org/activity-diagrams/action-call-activity.png]
[www.uml-diagrams.org/activity-diagrams/action-send-signal.png]
[www.uml-diagrams.org/activity-diagrams/action-send-signal-example.png]
[www.uml-diagrams.org/activity-diagrams/actions-structural-feature.png]
[www.uml-diagrams.org/activity-diagrams/actions-link.png]
[www.uml-diagrams.org/activity-diagrams/actions-event.png]
[www.uml-diagrams.org/activity-diagrams/activity-accept-signal-implicit.png]
[www.uml-diagrams.org/activity-diagrams/activity-accept-signal-explicit.png]
[www.uml-diagrams.org/activity-diagrams/activity-accept-time-event.png]
[www.uml-diagrams.org/activity-diagrams-actions.html]
[www.uml-diagrams.org/use-case-diagrams/use-case-default.png]
[www.uml-diagrams.org/use-case-diagrams/use-case-below.png]
[www.uml-diagrams.org/use-case-diagrams/use-case-stereotype.png]
[www.uml-diagrams.org/use-case-diagrams/use-case-extension-points.png]
[www.uml-diagrams.org/use-case-diagrams/use-case-rectangle.png]
[www.uml-diagrams.org/use-case-diagrams/use-case-generalization.png]
[www.uml-diagrams.org/use-case-diagrams/use-case-include-atm.png]
[www.uml-diagrams.org/use-case-diagrams/use-case-business-case.png]
[www.uml-diagrams.org/use-case-diagrams/use-case-business-case-external.png]
[www.uml-diagrams.org/use-case-diagrams/use-case-business-case-internal.png]
[www.uml-diagrams.org/use-case-diagrams/use-case-frame.png]
[www.uml-diagrams.org/use-case-diagrams/use-case-purchase-ticket-owned-behaviors.png]
[www.uml-diagrams.org/examples/activity-example-ticket-vending-machine.png]
[www.uml-diagrams.org/use-case.html]
[www.uml-diagrams.org/association/class-association-overview.png]
[www.uml-diagrams.org/association/association.png]
[www.uml-diagrams.org/association/class-association-ownership.png]
[www.uml-diagrams.org/association/class-association-ownership-attribute.png]
[www.uml-diagrams.org/association/class-navigability-unspecified.png]
[www.uml-diagrams.org/association/class-navigability-navigable.png]
[www.uml-diagrams.org/association/class-navigability-not-navigable.png]
[www.uml-diagrams.org/association/class-navigability-not-navigable-navigable.png]
[www.uml-diagrams.org/association/class-navigability-navigable-both.png]
[www.uml-diagrams.org/association/class-navigability-not-navigable-both.png]
[www.uml-diagrams.org/association/class-binary-association.png]
[www.uml-diagrams.org/association/class-binary-ordered-association.png]
[www.uml-diagrams.org/association/class-ternary-association.png]
[www.uml-diagrams.org/association/class-aggregation.png]
[www.uml-diagrams.org/association/class-composition.png]
[www.uml-diagrams.org/association/class-composition-domain.png]
[www.uml-diagrams.org/association/class-composition-optional.png]
[www.uml-diagrams.org/association/link.png]
[www.uml-diagrams.org/association.html]
[www.uml-diagrams.org/package-diagrams/package-inside.png]
[www.uml-diagrams.org/package-diagrams/package-container.png]
[www.uml-diagrams.org/package-diagrams/package-members-outside.png]
[www.uml-diagrams.org/package-diagrams/package-visibility.png]
[www.uml-diagrams.org/package-diagrams/package-template-overview.png]
[www.uml-diagrams.org/package-diagrams/package-element-import-access.png]
[www.uml-diagrams.org/package-diagrams/package-package-import-default.png]
[www.uml-diagrams.org/package-diagrams/package-package-import-access.png]
[www.uml-diagrams.org/package-diagrams/package-merge.png]
[www.uml-diagrams.org/package-diagrams.html]
[www.uml-diagrams.org/package-diagrams/package-model.png]
[www.uml-diagrams.org/package-diagrams/package-model-tab.png]
[www.uml-diagrams.org/package-diagrams/package-model-stereotype.png]
[www.uml-diagrams.org/package-diagrams/model.html]
[www.uml-diagrams.org/template/class-template-bound.png]
[www.uml-diagrams.org/collaboration-diagrams/collaboration-template-elements.png]
[www.uml-diagrams.org/template/package-template-overview.png]
[www.uml-diagrams.org/template.html]
[www.uml-diagrams.org/class-diagrams/class-generalizaion-separate.png]
[www.uml-diagrams.org/class-diagrams/class-generalizaion-shared.png]
[www.uml-diagrams.org/class-diagrams/class-multiple-inheritance.png]
[www.uml-diagrams.org/class-diagrams/class-multiple-inheritance-diamond.png]
[www.uml-diagrams.org/class-diagrams/generalization-set-power-types.png]
[www.uml-diagrams.org/images/next-class.png]
[www.uml-diagrams.org/generalization.html]
[www.uml-diagrams.org/orphus/orphus.js]
[www.uml-diagrams.org/index-2.html]
[www.uml-diagrams.org/class-diagrams/class-no-compartments.png]
[www.uml-diagrams.org/class-diagrams/class-compartments-analysis.png]
[www.uml-diagrams.org/class-diagrams/class-compartments-impl.png]
[www.uml-diagrams.org/class-diagrams/class-compartments-visibility.png]
[www.uml-diagrams.org/class-diagrams/class-abstract.png]
[www.uml-diagrams.org/class-diagrams/class-utility.png]
[www.uml-diagrams.org/class-diagrams/class-template-bound.png]
[www.uml-diagrams.org/class-diagrams/class-interface.png]
[www.uml-diagrams.org/class-diagrams/class-interface-compartments.png]
[www.uml-diagrams.org/class-diagrams/class-interface-realization-ball.png]
[www.uml-diagrams.org/dependency/required-interface-socket.png]
[www.uml-diagrams.org/class-diagrams/object-anonymous.png]
[www.uml-diagrams.org/class-diagrams/object-named-orphan.png]
[www.uml-diagrams.org/class-diagrams/object-named-interface.png]
[www.uml-diagrams.org/class-diagrams/object-named-namespace.png]
[www.uml-diagrams.org/class-diagrams/object-named-value.png]
[www.uml-diagrams.org/class-diagrams/object-named-slots-value.png]
[www.uml-diagrams.org/class-diagrams/class-data-type-date.png]
[www.uml-diagrams.org/class-diagrams/class-data-type-structured.png]
[www.uml-diagrams.org/class-diagrams/class-attributes.png]
[www.uml-diagrams.org/class-diagrams/class-data-type-primitive.png]
[www.uml-diagrams.org/class-diagrams/class-data-type-enumeration.png]
[www.uml-diagrams.org/class-diagrams/class-operation-visibility.png]
[www.uml-diagrams.org/class-diagrams/class-operation-params.png]
[www.uml-diagrams.org/class-diagrams/class-operation-params-direction.png]
[www.uml-diagrams.org/class-diagrams/class-operation-properties.png]
[www.uml-diagrams.org/class-diagrams.html]
[www.uml-diagrams.org/use-case-diagrams/actor-stick.png]
[www.uml-diagrams.org/use-case-diagrams/actor-web-client.png]
[www.uml-diagrams.org/use-case-diagrams/actor-bank.png]
[www.uml-diagrams.org/use-case-diagrams/actor-class.png]
[www.uml-diagrams.org/use-case-diagrams/business-actor.png]
[www.uml-diagrams.org/use-case-diagrams/use-case-actor-rel-gener.png]
[www.uml-diagrams.org/use-case-actor.html]
[www.uml-diagrams.org/notation/core-uml-element-overview.png]
[www.uml-diagrams.org/uml-core/element-ownership.png]
[www.uml-diagrams.org/uml-core/type.png]
[www.uml-diagrams.org/uml-core/class-feature-overview.png]
[www.uml-diagrams.org/uml-core/object-anonymous.png]
[www.uml-diagrams.org/uml-core/object-named-orphan.png]
[www.uml-diagrams.org/uml-core/object-named-interface.png]
[www.uml-diagrams.org/uml-core/device-instance-stereotype.png]
[www.uml-diagrams.org/uml-core/object-named-namespace.png]
[www.uml-diagrams.org/uml-core/object-named-value.png]
[www.uml-diagrams.org/uml-core/object-named-slots-value.png]
[www.uml-diagrams.org/notation/core-comment-note.png]
[www.uml-diagrams.org/uml-core.html]
[www.uml-diagrams.org/class-diagrams/class-constraint-attribute.png]
[www.uml-diagrams.org/class-diagrams/class-constraint-dashed.png]
[www.uml-diagrams.org/class-diagrams/class-constraint-note.png]
[www.uml-diagrams.org/constraintb7ee.html]
[www.uml-diagrams.org/association822b.html]
[www.uml-diagrams.org/generalizationb7ee.html]
[www.uml-diagrams.org/dependency/dependency-overview.png]
[www.uml-diagrams.org/dependency/required-interface.png]
[www.uml-diagrams.org/dependency/instantiate.png]
[www.uml-diagrams.org/dependency/use-package.png]
[www.uml-diagrams.org/uml-core/class-interface-realization.png]
[www.uml-diagrams.org/uml-core/class-dependency-usage.png]
[www.uml-diagrams.org/uml-core/class-dependency-create.png]
[www.uml-diagrams.org/uml-core/class-dependency-constructor.png]
[www.uml-diagrams.org/dependency.html]
[www.uml-diagrams.org/class-diagrams/class-attributes-composition.png]
[www.uml-diagrams.org/class-diagrams/class-attributes-association.png]
[www.uml-diagrams.org/class-diagrams/class-association-ownership.png]
[www.uml-diagrams.org/class-diagrams/class-association-qualifier.png]
[www.uml-diagrams.org/class-diagrams/class-association-qualifier-subsets.png]
[www.uml-diagrams.org/class-diagrams/class-association-qualifier-multiplicity.png]
[www.uml-diagrams.org/property.html]
[www.uml-diagrams.org/examples/package-diagrams-example-model.png]
[www.uml-diagrams.org/multi-layered-application-uml-model-diagram-example.html]
[www.uml-diagrams.org/network-diagrams/network-diagram-overview.png]
[www.uml-diagrams.org/network-diagrams/switch.png]
[www.uml-diagrams.org/network-diagrams/router.png]
[www.uml-diagrams.org/network-diagrams/load-balancer.png]
[www.uml-diagrams.org/network-diagrams/firewall.png]
[www.uml-diagrams.org/network-diagrams/network-backbone.png]
[www.uml-diagrams.org/network-architecture-diagrams.html]
[www.uml-diagrams.org/use-case-diagrams/subject.png]
[www.uml-diagrams.org/use-case-diagrams/business-subject.png]
[www.uml-diagrams.org/use-case-diagrams/use-case-business-error.png]
[www.uml-diagrams.org/use-case-diagrams/use-case-subject-stereotype.png]
[www.uml-diagrams.org/use-case-diagrams/use-case-applicable.png]
[www.uml-diagrams.org/use-case-diagrams/use-case-owned.png]
[www.uml-diagrams.org/use-case-subject.html]
[www.uml-diagrams.org/use-case-diagrams/use-case-extend.png]
[www.uml-diagrams.org/use-case-diagrams/use-case-extend-condition.png]
[www.uml-diagrams.org/use-case-extend.html]
[www.uml-diagrams.org/use-case-diagrams/include-use-case.png]
[www.uml-diagrams.org/use-case-diagrams/two-includes-use-case.png]
[www.uml-diagrams.org/use-case-diagrams/include-two-use-cases.png]
[www.uml-diagrams.org/use-case-diagrams/use-case-include-split.png]
[www.uml-diagrams.org/use-case-diagrams/use-case-include.png]
[www.uml-diagrams.org/use-case-diagrams/use-case-generalization-single.png]
[www.uml-diagrams.org/use-case-diagrams/use-case-extend-atm.png]
[www.uml-diagrams.org/use-case-include.html]
[www.uml-diagrams.org/information-flow-diagrams/information-flow.png]
[www.uml-diagrams.org/information-flow-elements.html]
[www.uml-diagrams.org/activity-diagrams/object-nodes-overview.png]
[www.uml-diagrams.org/activity-diagrams/input-pin.png]
[www.uml-diagrams.org/activity-diagrams/output-pin.png]
[www.uml-diagrams.org/activity-diagrams/data-store.png]
[www.uml-diagrams.org/activity-diagrams-objects.html]
[www.uml-diagrams.org/activity-diagrams/control-nodes-overview.png]
[www.uml-diagrams.org/activity-diagrams/activity-activity-initial.png]
[www.uml-diagrams.org/activity-diagrams/activity-flow-final.png]
[www.uml-diagrams.org/activity-diagrams/activity-activity-final.png]
[www.uml-diagrams.org/activity-diagrams/decision-binary.png]
[www.uml-diagrams.org/activity-diagrams/decision-ternary.png]
[www.uml-diagrams.org/activity-diagrams/decision-input.png]
[www.uml-diagrams.org/activity-diagrams/decision-input-flow.png]
[www.uml-diagrams.org/activity-diagrams/activity-control-merge.png]
[www.uml-diagrams.org/activity-diagrams/activity-control-merge-decision.png]
[www.uml-diagrams.org/activity-diagrams/activity-fork.png]
[www.uml-diagrams.org/activity-diagrams/activity-join-fork.png]
[www.uml-diagrams.org/activity-diagrams/activity-join.png]
[www.uml-diagrams.org/activity-diagrams/activity-join-spec.png]
[www.uml-diagrams.org/activity-diagrams-controls.html]
[www.uml-diagrams.org/state-machine-diagrams/protocol-state-machine-diagram-overview.png]
[www.uml-diagrams.org/notation/protocol-state-machine-frame.png]
[www.uml-diagrams.org/notation/protocol-state-simple.png]
[www.uml-diagrams.org/notation/protocol-state-composite.png]
[www.uml-diagrams.org/state-machine-diagrams/protocol-transition.png]
[www.uml-diagrams.org/protocol-state-machine-diagrams.html]
[www.uml-diagrams.org/behaviors/behaviors.png]
[www.uml-diagrams.org/notation/behavior-signal.png]
[www.uml-diagrams.org/notation/behavior-reception.png]
[www.uml-diagrams.org/common-behaviors.html]
[www.uml-diagrams.org/notation/sequence-operator-alt.png]
[www.uml-diagrams.org/notation/sequence-operator-opt.png]
[www.uml-diagrams.org/notation/sequence-loop-infinite.png]
[www.uml-diagrams.org/notation/sequence-loop-fixed.png]
[www.uml-diagrams.org/notation/sequence-loop-bounds-guard.png]
[www.uml-diagrams.org/notation/sequence-operator-break.png]
[www.uml-diagrams.org/notation/sequence-operator-par.png]
[www.uml-diagrams.org/notation/sequence-operator-par-coregion.png]
[www.uml-diagrams.org/notation/sequence-operator-strict.png]
[www.uml-diagrams.org/notation/sequence-operator-seq.png]
[www.uml-diagrams.org/notation/sequence-operator-critical.png]
[www.uml-diagrams.org/notation/sequence-operator-ignore.png]
[www.uml-diagrams.org/notation/sequence-operator-consider.png]
[www.uml-diagrams.org/notation/sequence-operator-assert.png]
[www.uml-diagrams.org/notation/sequence-operator-neg.png]
[www.uml-diagrams.org/sequence-diagrams-combined-fragment.html]
[www.uml-diagrams.org/propertyb7ee.html]
[www.uml-diagrams.org/class-diagrams/class-attribute-multiplicity.png]
[www.uml-diagrams.org/use-case-diagrams/use-case-association-many-actors.png]
[www.uml-diagrams.org/class-diagrams/class-attribute-multiplicity-ordered.png]
[www.uml-diagrams.org/class-diagrams/class-adornment-multiplicity.png]
[www.uml-diagrams.org/multiplicityb7ee.html]
[www.uml-diagrams.org/visibilityb7ee.html]
[www.uml-diagrams.org/associationb7ee.html]
[www.uml-diagrams.org/dependencyb7ee.html]
[www.uml-diagrams.org/notation/abstraction.png]
[www.uml-diagrams.org/notation/abstraction-reversed.png]
[www.uml-diagrams.org/uml-core/class-interface-realization-ball.png]
[www.uml-diagrams.org/abstractionb7ee.html]
[www.uml-diagrams.org/namespace/nested-class-interface.png]
[www.uml-diagrams.org/class-diagrams/class-nested-interface.png]
[www.uml-diagrams.org/class-diagrams/nested-class.png]
[www.uml-diagrams.org/nested-classifier.html]
[www.uml-diagrams.org/class-diagrams/class-feature-overview.png]
[www.uml-diagrams.org/class-diagrams/class-binary-association.png]
[www.uml-diagrams.org/class-diagrams/class-binary-ordered-association.png]
[www.uml-diagrams.org/class-diagrams/class-ternary-association.png]
[www.uml-diagrams.org/class-diagrams/class-aggregation.png]
[www.uml-diagrams.org/class-diagrams/class-composition.png]
[www.uml-diagrams.org/class-diagrams/class-composition-domain.png]
[www.uml-diagrams.org/class-diagrams/class-composition-optional.png]
[www.uml-diagrams.org/class-diagrams/class-association-ownership-attribute.png]
[www.uml-diagrams.org/class-diagrams/class-navigability-unspecified.png]
[www.uml-diagrams.org/class-diagrams/class-navigability-navigable.png]
[www.uml-diagrams.org/class-diagrams/class-navigability-not-navigable.png]
[www.uml-diagrams.org/class-diagrams/class-navigability-not-navigable-navigable.png]
[www.uml-diagrams.org/class-diagrams/class-navigability-navigable-both.png]
[www.uml-diagrams.org/class-diagrams/class-navigability-not-navigable-both.png]
[www.uml-diagrams.org/class-diagrams/class-dependency.png]
[www.uml-diagrams.org/class-diagrams/class-dependency-usage.png]
[www.uml-diagrams.org/class-diagrams/class-dependency-create.png]
[www.uml-diagrams.org/class-diagrams/class-dependency-constructor.png]
[www.uml-diagrams.org/class-diagrams/class-interface-realization.png]
[www.uml-diagrams.org/class-reference.html]
[www.uml-diagrams.org/thumbnails/design-pattern-abstract-factory-uml-class-diagram-example.png]
[www.uml-diagrams.org/thumbnails/library-domain-uml-class-diagram-example.png]
[www.uml-diagrams.org/thumbnails/online-shopping-domain-uml-diagram-example.png]
[www.uml-diagrams.org/thumbnails/dicom-real-world-uml-class-diagram-example.png]
[www.uml-diagrams.org/thumbnails/software-licensing-domain-diagram-example.png]
[www.uml-diagrams.org/thumbnails/java-7-concurrent-executors-uml-class-diagram-example.png]
[www.uml-diagrams.org/thumbnails/android-camera-uml-class-diagram-example.png]
[www.uml-diagrams.org/thumbnails/software-licensing-class-diagram-example.png]
[www.uml-diagrams.org/thumbnails/online-shopping-user-login-uml-object-diagram-example.png]
[www.uml-diagrams.org/class-diagrams-examples.html]
[www.uml-diagrams.org/collaboration-diagrams/collaboration.html]
[www.uml-diagrams.org/collaboration-diagrams/collaboration-use.html]
[www.uml-diagrams.org/collaboration-diagrams/collaboration-template.html]
[www.uml-diagrams.org/composite-structure-diagrams-reference.html]
[www.uml-diagrams.org/images/next-composite.png]
[www.uml-diagrams.org/thumbnails/bank-atm-uml-composite-diagram-example.png]
[www.uml-diagrams.org/thumbnails/tomcat-server-uml-composite-structure-diagram-example.png]
[www.uml-diagrams.org/examples/composite-structure-example-observer.png]
[www.uml-diagrams.org/examples/composite-structure-example-observer-composite.png]
[www.uml-diagrams.org/composite-structure-examples.html]
[www.uml-diagrams.org/examples/composite-structure-example-bank-atm.png]
[www.uml-diagrams.org/bank-atm-uml-composite-diagram-example33a1.html]
[www.uml-diagrams.org/examples/composite-structure-example-tomcat-7.png]
[www.uml-diagrams.org/tomcat-server-uml-composite-structure-diagram-example33a1.html]
[www.uml-diagrams.org/package-diagrams/package-element-import.png]
[www.uml-diagrams.org/package-diagrams/package-element-access.png]
[www.uml-diagrams.org/package-diagrams/package-package-import.png]
[www.uml-diagrams.org/package-diagrams/package-package-access.png]
[www.uml-diagrams.org/package-diagrams-reference.html]
[www.uml-diagrams.org/images/next-package.png]
[www.uml-diagrams.org/thumbnails/java-7-api-uml-package-diagram-example.png]
[www.uml-diagrams.org/thumbnails/java-servlet-25-api-package-diagram-example.png]
[www.uml-diagrams.org/thumbnails/java-servlet-30-api-package-diagram-example.png]
[www.uml-diagrams.org/thumbnails/multi-layered-application-uml-model-diagram-example.png]
[www.uml-diagrams.org/thumbnails/multi-layered-web-architecture-uml-package-diagram-example.png]
[www.uml-diagrams.org/thumbnails/transfer-object-pattern-uml-package-template-example.png]
[www.uml-diagrams.org/thumbnails/spring-hibernate-uml-package-diagram-example.png]
[www.uml-diagrams.org/package-diagrams-examples.html]
[www.uml-diagrams.org/examples/package-diagrams-example-layers.png]
[www.uml-diagrams.org/multi-layered-web-architecture-uml-package-diagram-example.html]
[www.uml-diagrams.org/examples/package-diagram-example-java-servlet-api-25.png]
[www.uml-diagrams.org/examples/java-servlet-25-api-package-diagram-example5a3f.html]
[www.uml-diagrams.org/examples/package-diagram-example-java-servlet-api-30.png]
[www.uml-diagrams.org/examples/java-servlet-30-api-package-diagram-example5a3f.html]
[www.uml-diagrams.org/examples/package-diagrams-example-spring.png]
[www.uml-diagrams.org/spring-hibernate-uml-package-diagram-example.html]
[www.uml-diagrams.org/component-diagrams-reference.html]
[www.uml-diagrams.org/images/next-component.png]
[www.uml-diagrams.org/thumbnails/online-shopping-uml-component-diagram-example.png]
[www.uml-diagrams.org/thumbnails/software-licensing-component-diagram-example.png]
[www.uml-diagrams.org/component-diagrams-examples.html]
[www.uml-diagrams.org/abstraction.html]
[www.uml-diagrams.org/deployment-diagrams-reference.html]
[www.uml-diagrams.org/images/next-deploy.png]
[www.uml-diagrams.org/thumbnails/web-application-uml-deployment-diagram-example.png]
[www.uml-diagrams.org/thumbnails/web-application-uml-manifest-diagram-example.png]
[www.uml-diagrams.org/thumbnails/web-application-clusters-uml-deployment-diagram-example.png]
[www.uml-diagrams.org/thumbnails/web-application-load-balancing-uml-deployment-diagram-example.png]
[www.uml-diagrams.org/thumbnails/apple-itunes-uml-deployment-diagram-example.png]
[www.uml-diagrams.org/thumbnails/android-application-uml-deployment-diagram-example.png]
[www.uml-diagrams.org/thumbnails/web-application-network-diagram-example.png]
[www.uml-diagrams.org/thumbnails/home-network-diagram-example.png]
[www.uml-diagrams.org/deployment-diagrams-examples.html]
[www.uml-diagrams.org/use-case-diagrams/use-case-association-actor.png]
[www.uml-diagrams.org/use-case-diagrams/use-case-association-actors.png]
[www.uml-diagrams.org/use-case-diagrams/use-case-association-many-cases.png]
[www.uml-diagrams.org/use-case-diagrams/use-case-association-optional-actors.png]
[www.uml-diagrams.org/use-case-actor-association.html]
[www.uml-diagrams.org/use-case-diagrams/subject-business-pharmacy.png]
[www.uml-diagrams.org/use-case-diagrams/subject-ticket-vending-machine.png]
[www.uml-diagrams.org/use-case-diagrams/business-pharmacy-customer.png]
[www.uml-diagrams.org/use-case-diagrams/actor-commuter.png]
[www.uml-diagrams.org/use-case-diagrams/business-use-case-procure-medicine.png]
[www.uml-diagrams.org/use-case-diagrams/use-case-purchase-ticket.png]
[www.uml-diagrams.org/use-case-diagrams-how-to.html]
[www.uml-diagrams.org/images/next-use-case.png]
[www.uml-diagrams.org/thumbnails/airport-checkin-uml-use-case-diagram-example.png]
[www.uml-diagrams.org/thumbnails/restaurant-uml-use-case-diagram-example.png]
[www.uml-diagrams.org/thumbnails/ticket-vending-machine-use-case-diagram-example.png]
[www.uml-diagrams.org/thumbnails/bank-atm-uml-use-case-diagram-example.png]
[www.uml-diagrams.org/thumbnails/point-of-sales-uml-use-case-diagram-example.png]
[www.uml-diagrams.org/thumbnails/online-library-uml-use-case-diagram-example.png]
[www.uml-diagrams.org/thumbnails/online-shopping-use-case-diagram-example.png]
[www.uml-diagrams.org/thumbnails/online-shopping-credit-cards-use-cases-example.png]
[www.uml-diagrams.org/thumbnails/website-admin-use-case-diagrams-example.png]
[www.uml-diagrams.org/thumbnails/use-case-example-hospital-reception.png]
[www.uml-diagrams.org/thumbnails/radiology-reporting-sinr-uml-use-case-diagram.png]
[www.uml-diagrams.org/thumbnails/software-license-use-case-diagram-example.png]
[www.uml-diagrams.org/use-case-diagrams-examples.html]
[www.uml-diagrams.org/use-case-reference.html]
[www.uml-diagrams.org/use-case-diagrams-questions-answers.html]
[www.uml-diagrams.org/thumbnails/info-flow-example-scheduled-workflow.png]
[www.uml-diagrams.org/examples/info-flow-example-scheduled-workflow.png]
[www.uml-diagrams.org/information-flow-diagrams/scheduled-workflow-example4cce.html]
[www.uml-diagrams.org/activity-diagrams/activity-edge-no-name-ref.png]
[www.uml-diagrams.org/activity-diagrams-reference.html]
[www.uml-diagrams.org/images/next-activity.png]
[www.uml-diagrams.org/thumbnails/online-shopping-uml-activity-diagram-example.png]
[www.uml-diagrams.org/thumbnails/ticket-vending-machine-activity-diagram-example.png]
[www.uml-diagrams.org/thumbnails/shopping-process-order-uml-activity-diagram-example.png]
[www.uml-diagrams.org/thumbnails/document-management-uml-activity-diagram-example.png]
[www.uml-diagrams.org/thumbnails/electronic-prescriptions-activity-diagram-example.png]
[www.uml-diagrams.org/thumbnails/software-resolve-issue-uml-activity-diagram-example.png]
[www.uml-diagrams.org/thumbnails/software-licensing-activity-diagram-example.png]
[www.uml-diagrams.org/thumbnails/google-sign-on-uml-activity-diagram-example.png]
[www.uml-diagrams.org/activity-diagrams-examples.html]
[www.uml-diagrams.org/examples/activity-examples-online-shopping.png]
[www.uml-diagrams.org/online-shopping-uml-activity-diagram-example4d57.html]
[www.uml-diagrams.org/examples/activity-examples-process-order.png]
[www.uml-diagrams.org/shopping-process-order-uml-activity-diagram-example4d57.html]
[www.uml-diagrams.org/examples/activity-example-document-management.png]
[www.uml-diagrams.org/document-management-uml-activity-diagram-example.html]
[www.uml-diagrams.org/examples/activity-examples-resolve-issue.png]
[www.uml-diagrams.org/software-resolve-issue-uml-activity-diagram-example.html]
[www.uml-diagrams.org/examples/activity-examples-hasp-activation.png]
[www.uml-diagrams.org/software-licensing-activity-diagram-example4d57.html]
[www.uml-diagrams.org/examples/activity-example-google-sso.png]
[www.uml-diagrams.org/google-sign-on-uml-activity-diagram-example.html]
[www.uml-diagrams.org/state-machine-diagrams-reference.html]
[www.uml-diagrams.org/images/next-state.png]
[www.uml-diagrams.org/thumbnails/online-shopping-user-account-state-diagram-example.png]
[www.uml-diagrams.org/state-machine-diagrams-examples.html]
[www.uml-diagrams.org/examples/state-machine-example-water.png]
[www.uml-diagrams.org/examples/water-phase-uml-state-machine-diagram-example.html]
[www.uml-diagrams.org/examples/state-machine-example-bank-atm.png]
[www.uml-diagrams.org/bank-atm-uml-state-machine-diagram-examplec99a.html]
[www.uml-diagrams.org/examples/state-machine-example-java-6-thread-states.png]
[www.uml-diagrams.org/examples/java-6-thread-state-machine-diagram-examplec99a.html]
[www.uml-diagrams.org/examples/state-machine-example-session-object.png]
[www.uml-diagrams.org/java-ejb-state-machine-diagram-examplec99a.html]
[www.uml-diagrams.org/examples/online-shopping-user-account-state-diagram-example.png]
[www.uml-diagrams.org/examples/online-shopping-user-account-state-diagram-examplec99a.html]
[www.uml-diagrams.org/constraint.html]
[www.uml-diagrams.org/interaction.html]
[www.uml-diagrams.org/sequence-diagrams-reference.html]
[www.uml-diagrams.org/images/next-sequence.png]
[www.uml-diagrams.org/thumbnails/online-shopping-uml-sequence-diagram-example.png]
[www.uml-diagrams.org/examples/sequence-example-dwr-ajax-comments.png]
[www.uml-diagrams.org/examples/sequence-example-facebook-authentication.png]
[www.uml-diagrams.org/sequence-diagrams-examples.html]
[www.uml-diagrams.org/sequence-diagrams-questions-answers.html]
[www.uml-diagrams.org/examples/sequence-examples-online-bookshop.png]
[www.uml-diagrams.org/online-shopping-uml-sequence-diagram-exampled960.html]
[www.uml-diagrams.org/examples/spring-hibernate-transaction-sequence-diagram-example.png]
[www.uml-diagrams.org/examples/spring-hibernate-transaction-sequence-diagram-exampled960.html]
[www.uml-diagrams.org/uml-object-oriented-concepts.html]
[www.uml-diagrams.org/communication-diagrams-reference.html]
[www.uml-diagrams.org/images/next-comm.png]
[www.uml-diagrams.org/thumbnails/online-shopping-uml-communication-diagram-example.png]
[www.uml-diagrams.org/communication-diagrams-examples.html]
[www.uml-diagrams.org/timing-diagrams-reference.html]
[www.uml-diagrams.org/examples/timing-diagram-example-alzheimers.png]
[www.uml-diagrams.org/examples/timing-diagram-example-website.png]
[www.uml-diagrams.org/timing-diagrams-examples.html]
[www.uml-diagrams.org/interaction831c.html]
[www.uml-diagrams.org/activity-diagrams-controls831c.html]
[www.uml-diagrams.org/interaction-overview-diagrams-reference.html]
[www.uml-diagrams.org/images/next-intover.png]
[www.uml-diagrams.org/thumbnails/online-shopping-uml-interaction-overview-diagram-example.png]
[www.uml-diagrams.org/examples/interaction-overview-example-ajax-comments.png]
[www.uml-diagrams.org/interaction-overview-diagrams-examples.html]
[www.uml-diagrams.org/examples/interaction-overview-example-online-shopping.png]
[www.uml-diagrams.org/online-shopping-uml-interaction-overview-diagram-exampled8e2.html]
[www.uml-diagrams.org/profile-diagrams-reference.html]
[www.uml-diagrams.org/images/next-profile.png]
[www.uml-diagrams.org/thumbnails/java-ejb-uml-profile-diagram-example.png]
[www.uml-diagrams.org/examples/profile-diagram-example-soaml-contracts.png]
[www.uml-diagrams.org/examples/profile-diagram-example-soaml-services.png]
[www.uml-diagrams.org/examples/profile-diagram-example-soaml-service-data.png]
[www.uml-diagrams.org/profile-diagrams-examples.html]
[www.uml-diagrams.org/notation/uml-meta-models.png]
[www.uml-diagrams.org/uml-meta-models.html]
[www.uml-diagrams.org/examples/profile-example-ejb-30.png]
[www.uml-diagrams.org/java-ejb-uml-profile-diagram-example3f2b.html]
[www.uml-diagrams.org/examples/profile-example-dicom-2011.png]
[www.uml-diagrams.org/dicom-uml-profile-diagram-example3f2b.html]
[www.uml-diagrams.org/multiplicity.html]
[www.uml-diagrams.org/package-diagrams/package-frame.png]
[www.uml-diagrams.org/frame.html]
[www.uml-diagrams.org/namespace/namespace.png]
[www.uml-diagrams.org/namespace.html]
[www.uml-diagrams.org/visibility.html]
[www.uml-diagrams.org/examples/use-case-example-airport.png]
[www.uml-diagrams.org/airport-checkin-uml-use-case-diagram-example.html]
[www.uml-diagrams.org/examples/use-case-example-restaurant-external.png]
[www.uml-diagrams.org/examples/use-case-example-restaurant-internal.png]
[www.uml-diagrams.org/restaurant-uml-use-case-diagram-example.html]
[www.uml-diagrams.org/ticket-vending-machine-use-case-diagram-examplea915.html]
[www.uml-diagrams.org/examples/use-case-example-atm.png]
[www.uml-diagrams.org/examples/use-case-example-atm-transactions.png]
[www.uml-diagrams.org/examples/use-case-example-atm-servicing.png]
[www.uml-diagrams.org/bank-atm-uml-use-case-diagram-examplea915.html]
[www.uml-diagrams.org/examples/use-case-example-pos.png]
[www.uml-diagrams.org/examples/use-case-example-pos-checkout.png]
[www.uml-diagrams.org/examples/point-of-sales-uml-use-case-diagram-example.html]
[www.uml-diagrams.org/examples/use-case-example-library-opac.png]
[www.uml-diagrams.org/online-library-uml-use-case-diagram-example.html]
[www.uml-diagrams.org/examples/use-case-example-online-shopping.png]
[www.uml-diagrams.org/examples/use-case-example-online-shopping-view.png]
[www.uml-diagrams.org/examples/use-case-example-online-shopping-checkout.png]
[www.uml-diagrams.org/examples/online-shopping-use-case-diagram-examplea915.html]
[www.uml-diagrams.org/examples/use-case-example-credit-card-processing.png]
[www.uml-diagrams.org/examples/online-shopping-credit-cards-use-cases-examplea915.html]
[www.uml-diagrams.org/examples/website-admin-top-use-case-diagram.png]
[www.uml-diagrams.org/examples/website-admin-manage-groups-use-case-diagram.png]
[www.uml-diagrams.org/examples/website-admin-manage-users-use-case-diagram.png]
[www.uml-diagrams.org/examples/website-admin-manage-sessions-use-case-diagram.png]
[www.uml-diagrams.org/examples/website-admin-manage-logs-use-case-diagram.png]
[www.uml-diagrams.org/examples/website-admin-use-case-diagrams-examplea915.html]
[www.uml-diagrams.org/examples/use-case-example-hospital-reception.png]
[www.uml-diagrams.org/examples/hospital-management-use-case-diagram-examplea915.html]
[www.uml-diagrams.org/examples/radiology-reporting-sinr-uml-use-case-diagram.png]
[www.uml-diagrams.org/radiology-diagnostic-report-uml-use-case-diagram-examplea915.html]
[www.uml-diagrams.org/examples/use-case-example-sentinel-ems.png]
[www.uml-diagrams.org/examples/software-license-use-case-diagram-examplea915.html]
[www.uml-diagrams.org/examples/class-example-abstract-factory.png]
[www.uml-diagrams.org/design-pattern-abstract-factory-uml-class-diagram-example.html]
[www.uml-diagrams.org/examples/class-example-library-domain.png]
[www.uml-diagrams.org/library-domain-uml-class-diagram-example.html]
[www.uml-diagrams.org/examples/bank-account-domain-class-diagram.png]
[www.uml-diagrams.org/examples/bank-account-domain-diagram-example65c6.html]
[www.uml-diagrams.org/examples/class-example-online-shopping-domain.png]
[www.uml-diagrams.org/examples/online-shopping-domain-uml-diagram-example65c6.html]
[www.uml-diagrams.org/examples/health-insurance-policy-domain-diagram.png]
[www.uml-diagrams.org/examples/health-insurance-policy-domain-diagram-example.html]
[www.uml-diagrams.org/thumbnails/class-example-hospital-organization.png]
[www.uml-diagrams.org/examples/class-example-hospital-organization.png]
[www.uml-diagrams.org/examples/class-example-hospital-wards.png]
[www.uml-diagrams.org/examples/class-example-hospital-treatment.png]
[www.uml-diagrams.org/examples/hospital-domain-diagram65c6.html]
[www.uml-diagrams.org/examples/class-example-modality-is-domain.png]
[www.uml-diagrams.org/dicom-real-world-uml-class-diagram-example65c6.html]
[www.uml-diagrams.org/examples/class-diagram-example-hasp-licensing-domain.png]
[www.uml-diagrams.org/software-licensing-domain-diagram-example65c6.html]
[www.uml-diagrams.org/examples/class-example-dicom-app-hosting-api.png]
[www.uml-diagrams.org/dicom-application-hosting-api-uml-class-diagram-example65c6.html]
[www.uml-diagrams.org/examples/java-7-concurrent-executors-uml-class-diagram-example.png]
[www.uml-diagrams.org/examples/java-7-concurrent-collections-uml-class-diagram-example.png]
[www.uml-diagrams.org/examples/java-7-concurrent-future-uml-class-diagram-example.png]
[www.uml-diagrams.org/java-7-concurrent-uml-class-diagram-example65c6.html]
[www.uml-diagrams.org/examples/class-example-android-camera.png]
[www.uml-diagrams.org/android-camera-uml-class-diagram-example.html]
[www.uml-diagrams.org/examples/class-example-hasp-aladdin.png]
[www.uml-diagrams.org/software-licensing-class-diagram-example65c6.html]
[www.uml-diagrams.org/examples/object-example-login-controller.png]
[www.uml-diagrams.org/online-shopping-user-login-uml-object-diagram-example.html]
[www.uml-diagrams.org/examples/package-diagram-example-java-7-api.png]
[www.uml-diagrams.org/java-7-api-uml-package-diagram-example5a3f.html]
[www.uml-diagrams.org/examples/template-example-transfer-object-pattern.png]
[www.uml-diagrams.org/examples/template-example-transfer-object-bound.png]
[www.uml-diagrams.org/transfer-object-pattern-uml-package-template-example.html]
[www.uml-diagrams.org/examples/component-example-retail-website.png]
[www.uml-diagrams.org/examples/online-shopping-uml-component-diagram-example8cb4.html]
[www.uml-diagrams.org/examples/component-diagram-example-hasp-licensing.png]
[www.uml-diagrams.org/software-licensing-component-diagram-example8cb4.html]
[www.uml-diagrams.org/examples/deployment-example-manifest-web-application.png]
[www.uml-diagrams.org/web-application-uml-manifest-diagram-example674a.html]
[www.uml-diagrams.org/examples/deployment-example-web-application.png]
[www.uml-diagrams.org/web-application-uml-deployment-diagram-example674a.html]
[www.uml-diagrams.org/examples/deployment-example-clusters.png]
[www.uml-diagrams.org/web-application-clusters-uml-deployment-diagram-example674a.html]
[www.uml-diagrams.org/examples/deployment-example-hardware-load-balancing.png]
[www.uml-diagrams.org/web-application-load-balancing-uml-deployment-diagram-example674a.html]
[www.uml-diagrams.org/examples/deployment-example-itunes.png]
[www.uml-diagrams.org/apple-itunes-uml-deployment-diagram-example.html]
[www.uml-diagrams.org/examples/deployment-example-android.png]
[www.uml-diagrams.org/android-application-uml-deployment-diagram-example.html]
[www.uml-diagrams.org/examples/home-network-diagram-example.png]
[www.uml-diagrams.org/examples/home-network-diagram-example674a.html]
[www.uml-diagrams.org/examples/deployment-example-web-network.png]
[www.uml-diagrams.org/examples/web-application-network-diagram-example674a.html]
[www.uml-diagrams.org/examples/activity-example-electronic-prescriptions.png]
[www.uml-diagrams.org/electronic-prescriptions-activity-diagram-example4d57.html]
[www.uml-diagrams.org/ticket-vending-machine-activity-diagram-example4d57.html]
[www.uml-diagrams.org/examples/state-machine-uml-example-hosted-app-life-cycle.png]
[www.uml-diagrams.org/dicom-hosted-application-uml-state-machine-diagram-examplec99a.html]
[www.uml-diagrams.org/examples/communication-examples-online-bookshop.png]
[www.uml-diagrams.org/examples/online-shopping-uml-communication-diagram-example670a.html]
[www.uml-diagrams.org/examples/online-shopping-example.html]
[www.uml-diagrams.org/ticket-vending-machine-uml-diagrams-examples.html]
[www.uml-diagrams.org/examples/bank-atm-example.html]
[www.uml-diagrams.org/examples/hospital-management-example.html]
[www.uml-diagrams.org/dicom-uml-diagrams-examples.html]
[www.uml-diagrams.org/thumbnails/java-6-thread-state-machine-diagram-example.png]
[www.uml-diagrams.org/thumbnails/java-ejb-state-machine-diagram-example.png]
[www.uml-diagrams.org/examples/java-uml-examples.html]
[www.uml-diagrams.org/examples/android-uml-examples.html]
[www.uml-diagrams.org/software-licensing-sentinel-uml-examples.html]
[www.uml-diagrams.org/uml-core/class-dependency.png]
[www.uml-diagrams.org/uml-core/class-dependency-overview.png]
[www.uml-diagrams.org/uml-core-reference.html]
[www.uml-diagrams.org_/common-behaviors-reference.html]
[www.uml-diagrams.org/examples/health-insurance-policy-domain-diagram-example65c6.html]
[www.uml-diagrams.org/online-shopping-user-login-uml-object-diagram-example65c6.html]
[www.uml-diagrams.org/software-licensing-component-diagram-example.html]
[www.uml-diagrams.org/collaboration-diagrams/collaboration-diagrams/collaboration.html]
[www.uml-diagrams.org/collaboration-diagrams/references.html]
[www.uml-diagrams.org/collaboration-diagrams/collaboration-diagrams/collaboration-use.html]
[www.uml-diagrams.org/collaboration-diagrams/collaboration-diagrams/collaboration-template.html]
[www.uml-diagrams.org/bank-atm-uml-composite-diagram-example.html]
[www.uml-diagrams.org/tomcat-server-uml-composite-structure-diagram-example.html]
[www.uml-diagrams.org/spring-hibernate-uml-package-diagram-example4d57.html]
[www.uml-diagrams.org/examples/java-servlet-25-api-package-diagram-example.html]
[www.uml-diagrams.org/examples/java-servlet-30-api-package-diagram-example.html]
[www.uml-diagrams.org/examples/hospital-management-use-case-diagram-example.html]
[www.uml-diagrams.org/information-flow-diagrams/scheduled-workflow-example.html]
[www.uml-diagrams.org/electronic-prescriptions-activity-diagram-example.html]
[www.uml-diagrams.org/online-shopping-uml-activity-diagram-example.html]
[www.uml-diagrams.org/shopping-process-order-uml-activity-diagram-example.html]
[www.uml-diagrams.org/software-licensing-activity-diagram-example.html]
[www.uml-diagrams.org/bank-atm-uml-state-machine-diagram-example.html]
[www.uml-diagrams.org/examples/java-6-thread-state-machine-diagram-example.html]
[www.uml-diagrams.org/java-ejb-state-machine-diagram-example.html]
[www.uml-diagrams.org/examples/online-shopping-user-account-state-diagram-example.html]
[www.uml-diagrams.org/examples/spring-hibernate-transaction-sequence-diagram-example.html]
[www.uml-diagrams.org/online-shopping-uml-sequence-diagram-example.html]
[www.uml-diagrams.org/online-shopping-uml-interaction-overview-diagram-example.html]
[www.uml-diagrams.org/java-ejb-uml-profile-diagram-example.html]
[www.uml-diagrams.org/dicom-uml-profile-diagram-example.html]
[www.uml-diagrams.org/ticket-vending-machine-activity-diagram-example.html]
[www.uml-diagrams.org/ticket-vending-machine-use-case-diagram-example.html]
[www.uml-diagrams.org/bank-atm-uml-use-case-diagram-example.html]
[www.uml-diagrams.org/examples/examples/point-of-sales-uml-use-case-diagram-example.html]
[www.uml-diagrams.org/examples/online-shopping-use-case-diagram-example.html]
[www.uml-diagrams.org/examples/online-shopping-credit-cards-use-cases-example.html]
[www.uml-diagrams.org/examples/examples/website-admin-use-case-diagrams-example.html]
[www.uml-diagrams.org/radiology-diagnostic-report-uml-use-case-diagram-example.html]
[www.uml-diagrams.org/examples/examples/software-license-use-case-diagram-example.html]
[www.uml-diagrams.org/examples/software-license-use-case-diagram-example.html]
[www.uml-diagrams.org/examples/bank-account-domain-diagram-example.html]
[www.uml-diagrams.org/examples/online-shopping-domain-uml-diagram-example.html]
[www.uml-diagrams.org/examples/hospital-domain-diagram.html]
[www.uml-diagrams.org/dicom-real-world-uml-class-diagram-example.html]
[www.uml-diagrams.org/software-licensing-domain-diagram-example.html]
[www.uml-diagrams.org/dicom-application-hosting-api-uml-class-diagram-example.html]
[www.uml-diagrams.org/java-7-concurrent-uml-class-diagram-example.html]
[www.uml-diagrams.org/software-licensing-class-diagram-example.html]
[www.uml-diagrams.org/examples/website-admin-use-case-diagrams-example.html]
[www.uml-diagrams.org/examples/online-shopping-uml-communication-diagram-example.html]
[www.uml-diagrams.org/examples/online-shopping-uml-component-diagram-example.html]
[www.uml-diagrams.org/web-application-uml-deployment-diagram-example.html]
[www.uml-diagrams.org/examples/web-application-network-diagram-example.html]
[www.uml-diagrams.org/java-7-api-uml-package-diagram-example.html]
[www.uml-diagrams.org/web-application-uml-manifest-diagram-example.html]
[www.uml-diagrams.org/web-application-clusters-uml-deployment-diagram-example.html]
[www.uml-diagrams.org/web-application-load-balancing-uml-deployment-diagram-example.html]
[www.uml-diagrams.org/examples/example/home-network-diagram-example.html]
[www.uml-diagrams.org/dicom-hosted-application-uml-state-machine-diagram-example.html]
