[www.albahari.com/threading/index.html]
[backblue.gif]
[fade.gif]
[index.html]
[www.albahari.com/threading/tstyles.css]
[www.albahari.com/threading/print.css]
[www.albahari.com/threading/sh_main.min.js]
[www.albahari.com/threading/sh_csharp.js]
[www.albahari.com/threading/sh_style.css]
[www.albahari.com/threading/part2.html]
[www.albahari.com/threading/part3.html]
[www.albahari.com/threading/part5.html]
[www.albahari.com/threading/threading_czech.pdf]
[www.albahari.com/threading/threading_persian.pdf]
[www.albahari.com/threading/NewThread.png]
[www.albahari.com/threading/part4.html]
[www.albahari.com/threading/linqpadlogo.png]
[www.albahari.com/nutshell/whythisbook.html]
[www.albahari.com/threading/index.html]
[www.albahari.com/threading/output.png]
[www.albahari.com/threading/pawprints.png]
[www.albahari.com/threading/tstyles.css]
[www.albahari.com/threading/print.css]
[www.albahari.com/threading/sh_main.min.js]
[www.albahari.com/threading/sh_csharp.js]
[www.albahari.com/threading/sh_style.css]
[www.albahari.com/threading/ThreadState.png]
[www.albahari.com/nutshell/about.html]
[www.albahari.com/threading/cs5ian.png]
[www.albahari.com/threading/EventWaitHandle.png]
[www.albahari.com/threading/TwoWaySignaling.png]
[www.albahari.com/threading/part2.html]
[www.albahari.com/threading/part3.html]
[www.albahari.com/threading/WaitPulse.png]
[www.albahari.com/threading/Barrier.png]
[www.albahari.com/threading/part4.html]
[www.albahari.com/threading/ParallelProgramming.png]
[www.albahari.com/threading/PLINQExecution.png]
[www.albahari.com/threading/ForAll.png]
[www.albahari.com/threading/Partitioning.png]
[www.albahari.com/threading/Continuations.png]
[www.albahari.com/threading/ConditionalContinuations.png]
[www.albahari.com/threading/part5.html]
[www.albahari.com/index.html]
[www.albahari.com/styles.css]
[www.albahari.com/images/title.gif]
[www.albahari.com/images/home.gif]
[www.albahari.com/contact.html]
[www.albahari.com/images/contact.gif]
[www.albahari.com/images/linqpadlogomed.png]
[www.albahari.com/images/csian.png]
[www.albahari.com/images/cspr.png]
[www.albahari.com/images/linqpr.png]
[www.albahari.com/talks.html]
[www.albahari.com/images/welcome.gif]
[www.albahari.com/ConcurrencyDemos.zip]
[www.albahari.com/nutshell/WhatsNewCS4.html]
[www.albahari.com/nutshell/10linqmyths.html]
[www.albahari.com/queryexpress.html]
[www.albahari.com/nutshell/predicatebuilder.html]
[www.albahari.com/nutshell/speedinguplinqtosql.html]
[www.albahari.com/valuevsreftypes.html]
[www.albahari.com/index.html]
[www.albahari.com/nutshell/index.html]
[www.albahari.com/nutshell/styles.css]
[www.albahari.com/nutshell/print.css]
[www.albahari.com/nutshell/sh_main.min.js]
[www.albahari.com/nutshell/sh_csharp.js]
[www.albahari.com/nutshell/sh_style.css]
[www.albahari.com/nutshell/code.html]
[www.albahari.com/nutshell/extras.html]
[www.albahari.com/nutshell/contact.html]
[www.albahari.com/nutshell/animal.png]
[www.albahari.com/nutshell/cs50.png]
[www.albahari.com/nutshell/inanutshell.png]
[www.albahari.com/nutshell/authors.png]
[www.albahari.com/nutshell/animalsmall.png]
[www.albahari.com/nutshell/bookcontents.html]
[www.albahari.com/nutshell/amazon.gif]
[www.albahari.com/nutshell/index.html]
[www.albahari.com/nutshell/whythisbook.html]
[www.albahari.com/nutshell/overview.png]
[www.albahari.com/nutshell/about.html]
[www.albahari.com/styles.css]
[www.albahari.com/WebResource807e.js]
[www.albahari.com/contact.html]
[www.albahari.com/WebResourcedb48.js]
[www.albahari.com/PocketRef/index.html]
[www.albahari.com/PocketRef/styles.css]
[www.albahari.com/PocketRef/cscover.png]
[www.albahari.com/PocketRef/linqcover.png]
[www.albahari.com/PocketRef/cscontents.html]
[www.albahari.com/PocketRef/amazon.gif]
[www.albahari.com/PocketRef/linqcontents.html]
[www.albahari.com/PocketRef/index.html]
[www.albahari.com/talks.html]
[www.albahari.com/nutshell/flowplayer-3.1.4.min.js]
[www.albahari.com/nutshell/flowplayer-3.1.5.swf]
[www.albahari.com/nutshell/WhatsNewCS4files.zip]
[www.albahari.com/nutshell/WhatsNewCs4-2.html]
[www.albahari.com/nutshell/linqkit.html]
[www.albahari.com/nutshell/linqbridge.html]
[www.albahari.com/nutshell/WhatsNewCS4.html]
[www.albahari.com/nutshell/linqquiz.html]
[www.albahari.com/nutshell/10linqmyths.html]
[www.albahari.com/nutshell/whatsnewcs30.html]
[www.albahari.com/images/qe.gif]
[www.albahari.com/QueryExpress.exe]
[www.albahari.com/QExpress.zip]
[www.albahari.com/queryexpress.html]
[www.albahari.com/nutshell/predicatebuilder.html]
[www.albahari.com/nutshell/speedinguplinqtosql.html]
[www.albahari.com/valueref_files/filelist.xml]
[www.albahari.com/valueref_files/editdata.mso]
[www.albahari.com/valueref_files/image002.gif]
[www.albahari.com/valueref_files/image004.gif]
[www.albahari.com/valueref_files/image006.gif]
[www.albahari.com/valuevsreftypes.html]
[www.albahari.com/nutshell/shadow.gif]
[www.albahari.com/nutshell/pawprints.png]
[www.albahari.com/nutshell/quizq.png]
[www.albahari.com/nutshell/styles.css]
[www.albahari.com/nutshell/print.css]
[www.albahari.com/nutshell/sh_main.min.js]
[www.albahari.com/nutshell/sh_csharp.js]
[www.albahari.com/nutshell/sh_style.css]
[www.albahari.com/nutshell/cs4ch11.html]
[www.albahari.com/nutshell/cs4ch12.html]
[www.albahari.com/nutshell/cs4ch13.html]
[www.albahari.com/nutshell/cs5ch15.html]
[www.albahari.com/nutshell/cs5ch16.html]
[www.albahari.com/nutshell/cs4ch16.html]
[www.albahari.com/nutshell/cs4ch17.html]
[www.albahari.com/nutshell/cs4ch18.html]
[www.albahari.com/nutshell/cs4ch19.html]
[www.albahari.com/nutshell/cs4ch20.html]
[www.albahari.com/nutshell/cs4ch24.html]
[www.albahari.com/nutshell/cs4ch25.html]
[www.albahari.com/nutshell/cs4ch07.html]
[www.albahari.com/nutshell/cs4ch14.html]
[www.albahari.com/nutshell/cs4ch15.html]
[www.albahari.com/nutshell/cs4ch21.html]
[www.albahari.com/nutshell/cs4ch22.html]
[www.albahari.com/nutshell/cs4ch23.html]
[www.albahari.com/nutshell/ch01.html]
[www.albahari.com/nutshell/ch02.html]
[www.albahari.com/nutshell/ch03.html]
[www.albahari.com/nutshell/ch04.html]
[www.albahari.com/nutshell/ch06.html]
[www.albahari.com/nutshell/ch07.html]
[www.albahari.com/nutshell/ch08.html]
[www.albahari.com/nutshell/ch09.html]
[www.albahari.com/nutshell/ch10.html]
[www.albahari.com/nutshell/ch11.html]
[www.albahari.com/nutshell/ch13.html]
[www.albahari.com/nutshell/ch14.html]
[www.albahari.com/nutshell/ch15.html]
[www.albahari.com/nutshell/ch16.html]
[www.albahari.com/nutshell/ch17.html]
[www.albahari.com/nutshell/ch18.html]
[www.albahari.com/nutshell/ch19.html]
[www.albahari.com/nutshell/ch20.html]
[www.albahari.com/nutshell/ch21.html]
[www.albahari.com/nutshell/ch22.html]
[www.albahari.com/nutshell/ch23.html]
[www.albahari.com/nutshell/ch24.html]
[www.albahari.com/nutshell/code.zip]
[www.albahari.com/nutshell/code.html]
[www.albahari.com/nutshell/async40.zip]
[www.albahari.com/nutshell/async.zip]
[www.albahari.com/nutshell/extras.html]
[www.albahari.com/nutshell/contact.html]
[www.albahari.com/nutshell/bookcontents.html]
[www.albahari.com/WebResource807e.js]
[www.albahari.com/WebResourcedb48.js]
[www.albahari.com/PocketRef/styles.css]
[www.albahari.com/PocketRef/cscontents.html]
[www.albahari.com/PocketRef/linqcontents.html]
[www.albahari.com/nutshell/flowplayer-3.1.4.min.js]
[www.albahari.com/nutshell/WhatsNewCs4-2.html]
[www.albahari.com/nutshell/LinqKit.zip]
[www.albahari.com/nutshell/LinqKitSource.zip]
[www.albahari.com/nutshell/linqkit.html]
[www.albahari.com/nutshell/multitargetting.png]
[www.albahari.com/nutshell/linqbridge.html]
[www.albahari.com/nutshell/linqquiz.html]
[www.albahari.com/nutshell/whatsnewcs30.html]
[www.albahari.com/nutshell/output.html]
[www.albahari.com/nutshell/cs4ch11.html]
[www.albahari.com/nutshell/cs4ch12.html]
[www.albahari.com/nutshell/cs4ch13.html]
[www.albahari.com/nutshell/cs5ch15.html]
[www.albahari.com/nutshell/cs5ch16.html]
[www.albahari.com/nutshell/cs4ch16.html]
[www.albahari.com/nutshell/cs4ch17.html]
[www.albahari.com/nutshell/cs4ch18.html]
[www.albahari.com/nutshell/cs4ch19.html]
[www.albahari.com/nutshell/cs4ch20.html]
[www.albahari.com/nutshell/cs4ch24.html]
[www.albahari.com/nutshell/cs4ch25.html]
[www.albahari.com/nutshell/cs4ch07.html]
[www.albahari.com/nutshell/cs4ch14.html]
[www.albahari.com/nutshell/cs4ch15.html]
[www.albahari.com/nutshell/cs4ch21.html]
[www.albahari.com/nutshell/cs4ch22.html]
[www.albahari.com/nutshell/cs4ch23.html]
[www.albahari.com/nutshell/cs30.png]
[www.albahari.com/nutshell/ch01.html]
[www.albahari.com/nutshell/ch02.html]
[www.albahari.com/nutshell/ch03.html]
[www.albahari.com/nutshell/ch04.html]
[www.albahari.com/nutshell/ch06.html]
[www.albahari.com/nutshell/ch07.html]
[www.albahari.com/nutshell/ch08.html]
[www.albahari.com/nutshell/ch09.html]
[www.albahari.com/nutshell/ch10.html]
[www.albahari.com/nutshell/ch11.html]
[www.albahari.com/nutshell/ch13.html]
[www.albahari.com/nutshell/ch14.html]
[www.albahari.com/nutshell/ch15.html]
[www.albahari.com/nutshell/ch16.html]
[www.albahari.com/nutshell/ch17.html]
[www.albahari.com/nutshell/ch18.html]
[www.albahari.com/nutshell/ch19.html]
[www.albahari.com/nutshell/ch20.html]
[www.albahari.com/nutshell/ch21.html]
[www.albahari.com/nutshell/ch22.html]
[www.albahari.com/nutshell/ch23.html]
[www.albahari.com/nutshell/ch24.html]
[www.albahari.com/PocketRef/shadow.html]
[www.albahari.com/PocketRef/pawprints.html]
[www.albahari.com/PocketRef/quizq.html]
[www.albahari.com/nutshell/amazon/index.html]
